-1
1
2
3
4
5
6

true
false

true
false

true
false

true
false
false

true
false
false

true
true
false

true
true
false
